[22:44:36] [main/INFO] (FabricLoader/GameProvider) Loading Minecraft 26.1-rc-2 with Fabric Loader 0.18.4
[22:44:36] [main/INFO] (FabricLoader/Mappings) Mappings not present!
[22:44:36] [main/INFO] (FabricLoader) Loading 47 mods:
	- fabric-api 0.144.0+26.1
	- fabric-api-base 2.0.3+ece0632359
	- fabric-api-lookup-api-v1 2.0.10+d5a053b659
	- fabric-biome-api-v1 18.0.4+35c80edc59
	- fabric-block-api-v1 3.0.2+ec56b60159
	- fabric-block-getter-api-v2 2.0.6+ec56b60159
	- fabric-client-gametest-api-v1 5.0.12+688f513059
	- fabric-command-api-v2 3.0.5+e2bdee7859
	- fabric-content-registries-v0 11.0.12+d871b99e59
	- fabric-convention-tags-v2 4.3.2+c37e6e5f59
	- fabric-crash-report-info-v1 1.0.3+9f78a5a859
	- fabric-creative-tab-api-v1 5.0.10+d871b99e59
	- fabric-data-attachment-api-v1 2.2.2+35c80edc59
	- fabric-data-generation-api-v1 24.0.17+35c80edc59
	- fabric-debug-api-v1 1.0.1+c792624d59
	- fabric-dimensions-v1 5.1.4+9cbf5da559
	- fabric-entity-events-v1 5.0.2+e2bdee7859
	- fabric-events-interaction-v0 5.1.10+c82f046159
	- fabric-game-rule-api-v1 4.0.5+d871b99e59
	- fabric-gametest-api-v1 4.0.13+00a1fba659
	- fabric-item-api-v1 14.1.0+9833182c59
	- fabric-key-mapping-api-v1 2.0.4+e2bdee7859
	- fabric-lifecycle-events-v1 4.0.6+a9b9c17659
	- fabric-loot-api-v3 3.0.11+00a1fba659
	- fabric-menu-api-v1 2.0.12+d871b99e59
	- fabric-message-api-v1 7.0.4+e2bdee7859
	- fabric-networking-api-v1 6.3.0+50a808ce59
	- fabric-object-builder-api-v1 23.0.13+b61fef4359
	- fabric-particles-v1 5.0.14+b61fef4359
	- fabric-recipe-api-v1 9.0.13+be4b75ae59
	- fabric-registry-sync-v0 7.0.12+b61fef4359
	- fabric-rendering-fluids-v1 6.0.1+d871b99e59
	- fabric-rendering-v1 23.0.3+2fb0624759
	- fabric-resource-conditions-api-v1 6.0.5+00a1fba659
	- fabric-resource-loader-v0 3.3.16+4fc5413f59
	- fabric-resource-loader-v1 2.0.9+d871b99e59
	- fabric-screen-api-v1 5.0.1+d871b99e59
	- fabric-serialization-api-v1 2.0.3+11a26f3159
	- fabric-sound-api-v1 2.0.4+11a26f3159
	- fabric-tag-api-v1 2.0.9+11a26f3159
	- fabric-transfer-api-v1 8.0.2+d871b99e59
	- fabric-transitive-access-wideners-v1 8.0.11+d871b99e59
	- fabricloader 0.18.4
	- java 25
	- minecraft 26.1-rc.2
	- mixinextras 0.5.0
	- perfhud 1.0.0
[22:44:36] [main/WARN] (FabricLoader/ModRemap) Runtime mod remapping disabled due to no fabric.remapClasspathFile being specified. You may need to update loom.
[22:44:36] [main/INFO] (FabricLoader/Mixin) SpongePowered MIXIN Subsystem Version=0.8.7 Source=file:/C:/Users/ruben/.gradle/caches/modules-2/files-2.1/net.fabricmc/sponge-mixin/0.17.0+mixin.0.8.7/cf31463202f72d03b0ef1e1e38e8ee71b7faaab6/sponge-mixin-0.17.0+mixin.0.8.7.jar Service=Knot/Fabric Env=CLIENT
[22:44:36] [main/WARN] (FabricLoader/Mixin) The requested compatibility level JAVA_25 is higher than the level supported by the active subsystem 'Knot/Fabric' which supports JAVA_22. This is not a supported configuration and instability may occur.
[22:44:36] [main/INFO] (FabricLoader/Mixin) Compatibility level set to JAVA_25
[22:44:37] [main/INFO] (FabricLoader/MixinExtras|Service) Initializing MixinExtras via com.llamalad7.mixinextras.service.MixinExtrasServiceImpl(version=0.5.0).
[22:44:38] [Datafixer Bootstrap/INFO] (Minecraft) 291 Datafixer optimizations took 199 milliseconds
[22:44:40] [Render thread/INFO] (Minecraft) Environment: Environment[sessionHost=https://sessionserver.mojang.com, servicesHost=https://api.minecraftservices.com, profilesHost=https://api.mojang.com, name=PROD]
[22:44:40] [Render thread/INFO] (Minecraft) Setting user: Player337
[22:44:40] [Render thread/INFO] (perfhud) PerfHUD initialized.
[22:44:41] [Render thread/INFO] (Minecraft) Backend library: LWJGL version 3.4.1-snapshot
[22:44:41] [Download-2/ERROR] (Minecraft) Failed to fetch user properties
com.mojang.authlib.exceptions.InvalidCredentialsException: Status: 401
	at knot//com.mojang.authlib.exceptions.MinecraftClientHttpException.toAuthenticationException(MinecraftClientHttpException.java:59)
	at knot//com.mojang.authlib.yggdrasil.YggdrasilUserApiService.fetchProperties(YggdrasilUserApiService.java:150)
	at knot//net.minecraft.client.Minecraft.lambda$new$1(Minecraft.java:445)
	at java.base/java.util.concurrent.CompletableFuture$AsyncSupply.run(CompletableFuture.java:1789)
	at java.base/java.util.concurrent.ThreadPoolExecutor.runWorker(ThreadPoolExecutor.java:1090)
	at java.base/java.util.concurrent.ThreadPoolExecutor$Worker.run(ThreadPoolExecutor.java:614)
	at java.base/java.lang.Thread.run(Thread.java:1474)
Caused by: com.mojang.authlib.exceptions.MinecraftClientHttpException: Status: 401
	at knot//com.mojang.authlib.minecraft.client.MinecraftClient.readInputStream(MinecraftClient.java:103)
	at knot//com.mojang.authlib.minecraft.client.MinecraftClient.get(MinecraftClient.java:56)
	at knot//com.mojang.authlib.yggdrasil.YggdrasilUserApiService.fetchProperties(YggdrasilUserApiService.java:121)
	... 5 more
[22:44:41] [Render thread/INFO] (Minecraft) Using optional rendering extensions: GL_ARB_buffer_storage, GL_KHR_debug, GL_ARB_vertex_attrib_binding, GL_ARB_direct_state_access, GL_EXT_texture_filter_anisotropic
[22:44:42] [Render thread/INFO] (Minecraft) Reloading ResourceManager: vanilla, fabric-api, fabric-api-base, fabric-api-lookup-api-v1, fabric-biome-api-v1, fabric-block-api-v1, fabric-block-getter-api-v2, fabric-client-gametest-api-v1, fabric-command-api-v2, fabric-content-registries-v0, fabric-convention-tags-v2, fabric-crash-report-info-v1, fabric-creative-tab-api-v1, fabric-data-attachment-api-v1, fabric-data-generation-api-v1, fabric-debug-api-v1, fabric-dimensions-v1, fabric-entity-events-v1, fabric-events-interaction-v0, fabric-game-rule-api-v1, fabric-gametest-api-v1, fabric-item-api-v1, fabric-key-mapping-api-v1, fabric-lifecycle-events-v1, fabric-loot-api-v3, fabric-menu-api-v1, fabric-message-api-v1, fabric-networking-api-v1, fabric-object-builder-api-v1, fabric-particles-v1, fabric-recipe-api-v1, fabric-registry-sync-v0, fabric-rendering-fluids-v1, fabric-rendering-v1, fabric-resource-conditions-api-v1, fabric-resource-loader-v0, fabric-resource-loader-v1, fabric-screen-api-v1, fabric-serialization-api-v1, fabric-sound-api-v1, fabric-tag-api-v1, fabric-transfer-api-v1, fabric-transitive-access-wideners-v1, fabricloader, perfhud
[22:44:42] [Worker-Main-2/INFO] (Minecraft) Found unifont_pua-17.0.01.hex, loading
[22:44:42] [Worker-Main-11/INFO] (Minecraft) Found unifont_all_no_pua-17.0.01.hex, loading
[22:44:42] [Worker-Main-6/INFO] (Minecraft) Found unifont_jp_patch-17.0.01.hex, loading
[22:44:42] [Download-1/INFO] (Minecraft) Could not authorize you against Realms server: java.lang.RuntimeException: Failed to parse into SignedJWT: FabricMC
[22:44:42] [Download-1/ERROR] (Minecraft) Failed to fetch Realms feature flags
com.mojang.realmsclient.exception.RealmsServiceException: Realms authentication error with message 'java.lang.RuntimeException: Failed to parse into SignedJWT: FabricMC'
	at knot//com.mojang.realmsclient.client.RealmsClient.execute(RealmsClient.java:507)
	at knot//com.mojang.realmsclient.client.RealmsClient.fetchFeatureFlags(RealmsClient.java:158)
	at java.base/java.util.concurrent.CompletableFuture$AsyncSupply.run(CompletableFuture.java:1789)
	at java.base/java.util.concurrent.ThreadPoolExecutor.runWorker(ThreadPoolExecutor.java:1090)
	at java.base/java.util.concurrent.ThreadPoolExecutor$Worker.run(ThreadPoolExecutor.java:614)
	at java.base/java.lang.Thread.run(Thread.java:1474)
[22:44:42] [Render thread/INFO] (Minecraft) OpenAL initialized on device OpenAL Soft on Speakers (Logitech G733 Gaming Headset)
[22:44:42] [Render thread/INFO] (Minecraft) Sound engine started
[22:44:42] [Render thread/INFO] (Minecraft) Created: 512x512x0 minecraft:textures/atlas/particles.png-atlas
[22:44:42] [Render thread/INFO] (Minecraft) Created: 256x128x0 minecraft:textures/atlas/decorated_pot.png-atlas
[22:44:42] [Render thread/INFO] (Minecraft) Created: 2048x1024x0 minecraft:textures/atlas/armor_trims.png-atlas
[22:44:42] [Render thread/INFO] (Minecraft) Created: 512x256x0 minecraft:textures/atlas/paintings.png-atlas
[22:44:42] [Render thread/INFO] (Minecraft) Created: 1024x512x0 minecraft:textures/atlas/shield_patterns.png-atlas
[22:44:42] [Render thread/INFO] (Minecraft) Created: 8192x4096x4 minecraft:textures/atlas/blocks.png-atlas
[22:44:42] [Render thread/INFO] (Minecraft) Created: 512x512x0 minecraft:textures/atlas/chest.png-atlas
[22:44:42] [Render thread/INFO] (Minecraft) Created: 256x128x0 minecraft:textures/atlas/celestials.png-atlas
[22:44:42] [Render thread/INFO] (Minecraft) Created: 1024x512x0 minecraft:textures/atlas/banner_patterns.png-atlas
[22:44:42] [Render thread/INFO] (Minecraft) Created: 512x512x0 minecraft:textures/atlas/beds.png-atlas
[22:44:42] [Render thread/INFO] (Minecraft) Created: 1024x1024x0 minecraft:textures/atlas/items.png-atlas
[22:44:42] [Render thread/INFO] (Minecraft) Created: 1024x1024x0 minecraft:textures/atlas/gui.png-atlas
[22:44:42] [Render thread/INFO] (Minecraft) Created: 128x128x0 minecraft:textures/atlas/map_decorations.png-atlas
[22:44:42] [Render thread/INFO] (Minecraft) Created: 512x256x0 minecraft:textures/atlas/signs.png-atlas
[22:44:42] [Render thread/INFO] (Minecraft) Created: 512x512x0 minecraft:textures/atlas/shulker_boxes.png-atlas
[22:44:43] [IO-Worker-1/INFO] (Minecraft) Could not authorize you against Realms server: java.lang.RuntimeException: Failed to parse into SignedJWT: FabricMC
[22:44:43] [IO-Worker-1/ERROR] (Minecraft) Couldn't connect to realms
com.mojang.realmsclient.exception.RealmsServiceException: Realms authentication error with message 'java.lang.RuntimeException: Failed to parse into SignedJWT: FabricMC'
	at knot//com.mojang.realmsclient.client.RealmsClient.execute(RealmsClient.java:507)
	at knot//com.mojang.realmsclient.client.RealmsClient.clientCompatible(RealmsClient.java:281)
	at knot//com.mojang.realmsclient.RealmsAvailability.lambda$check$0(RealmsAvailability.java:48)
	at java.base/java.util.concurrent.CompletableFuture$AsyncSupply.run(CompletableFuture.java:1789)
	at java.base/java.util.concurrent.ThreadPoolExecutor.runWorker(ThreadPoolExecutor.java:1090)
	at java.base/java.util.concurrent.ThreadPoolExecutor$Worker.run(ThreadPoolExecutor.java:614)
	at java.base/java.lang.Thread.run(Thread.java:1474)
[22:44:47] [Render thread/INFO] (Minecraft) Loaded 1515 recipes
[22:44:47] [Render thread/INFO] (Minecraft) Loaded 1617 advancements
[22:44:47] [Render thread/INFO] (BiomeModificationImpl) Applied 0 biome modifications to 0 of 65 new biomes in 658.4 μs
[22:44:47] [Server thread/INFO] (Minecraft) Starting integrated minecraft server version 26.1 Release Candidate 2
[22:44:47] [Server thread/INFO] (Minecraft) Generating keypair
[22:44:47] [Server thread/INFO] (Minecraft) Loading 0 persistent chunks...
[22:44:47] [Server thread/INFO] (Minecraft) Preparing spawn area: 16%
[22:44:47] [Server thread/INFO] (Minecraft) Saving chunks for level 'ServerLevel[New World]'/minecraft:overworld
[22:44:47] [Server thread/INFO] (Minecraft) Saving chunks for level 'ServerLevel[New World]'/minecraft:the_nether
[22:44:47] [Server thread/INFO] (Minecraft) Saving chunks for level 'ServerLevel[New World]'/minecraft:the_end
[22:44:48] [Server thread/INFO] (Minecraft) ThreadedAnvilChunkStorage (world): All chunks are saved
[22:44:48] [Server thread/INFO] (Minecraft) ThreadedAnvilChunkStorage (DIM-1): All chunks are saved
[22:44:48] [Server thread/INFO] (Minecraft) ThreadedAnvilChunkStorage (DIM1): All chunks are saved
[22:44:48] [Server thread/INFO] (Minecraft) ThreadedAnvilChunkStorage: All dimensions are saved
[22:44:48] [Server thread/INFO] (Minecraft) Loading 49 chunks for player spawn...
[22:44:48] [Server thread/INFO] (Minecraft) Preparing spawn area: 16%
[22:44:48] [Server thread/INFO] (Minecraft) Time elapsed: 967 ms
[22:44:48] [Server thread/INFO] (Minecraft) Player337[local:E:23563c47] logged in with entity id 55 at (298.52410661766754, 66.7531999805212, -85.75865275655855)
[22:44:48] [Server thread/INFO] (Minecraft) Player337 joined the game
[22:44:48] [Server thread/INFO] (Minecraft) Changing view distance to 16, from 10
[22:44:48] [Server thread/INFO] (Minecraft) Changing simulation distance to 12, from 0
[22:44:48] [Render thread/INFO] (Minecraft) Loaded 2 advancements
[22:44:48] [Render thread/INFO] (Minecraft) Resizing Dynamic Transforms UBO, capacity limit of 2 reached during a single frame. New capacity will be 4.
[22:44:49] [Render thread/INFO] (Minecraft) Resizing Dynamic Transforms UBO, capacity limit of 4 reached during a single frame. New capacity will be 8.
[22:44:49] [Render thread/INFO] (Minecraft) Resizing Chunk Sections UBO, capacity limit of 2 reached during a single frame. New capacity will be 8.
[22:44:49] [Render thread/INFO] (Minecraft) Resizing Chunk Sections UBO, capacity limit of 8 reached during a single frame. New capacity will be 16.
[22:44:49] [Render thread/INFO] (Minecraft) Resizing Chunk Sections UBO, capacity limit of 16 reached during a single frame. New capacity will be 32.
[22:44:49] [Render thread/INFO] (Minecraft) Resizing Chunk Sections UBO, capacity limit of 32 reached during a single frame. New capacity will be 64.
[22:44:49] [Render thread/INFO] (Minecraft) Resizing Chunk Sections UBO, capacity limit of 64 reached during a single frame. New capacity will be 128.
[22:44:49] [Render thread/INFO] (Minecraft) Resizing Chunk Sections UBO, capacity limit of 128 reached during a single frame. New capacity will be 256.
[22:44:50] [Render thread/INFO] (Minecraft) Resizing Chunk Sections UBO, capacity limit of 256 reached during a single frame. New capacity will be 512.
[22:44:53] [Render thread/INFO] (Minecraft) Resizing Chunk Sections UBO, capacity limit of 512 reached during a single frame. New capacity will be 1024.
[22:45:15] [Server thread/INFO] (Minecraft) Saving and pausing game...
[22:45:15] [Server thread/INFO] (Minecraft) Saving chunks for level 'ServerLevel[New World]'/minecraft:overworld
[22:45:15] [Server thread/INFO] (Minecraft) Saving chunks for level 'ServerLevel[New World]'/minecraft:the_nether
[22:45:15] [Server thread/INFO] (Minecraft) Saving chunks for level 'ServerLevel[New World]'/minecraft:the_end
[22:45:21] [Server thread/INFO] (Minecraft) Saving and pausing game...
[22:45:22] [Server thread/INFO] (Minecraft) Saving chunks for level 'ServerLevel[New World]'/minecraft:overworld
[22:45:22] [Server thread/INFO] (Minecraft) Saving chunks for level 'ServerLevel[New World]'/minecraft:the_nether
[22:45:22] [Server thread/INFO] (Minecraft) Saving chunks for level 'ServerLevel[New World]'/minecraft:the_end
[22:45:27] [Server thread/INFO] (Minecraft) Saving and pausing game...
[22:45:28] [Server thread/INFO] (Minecraft) Saving chunks for level 'ServerLevel[New World]'/minecraft:overworld
[22:45:28] [Server thread/INFO] (Minecraft) Saving chunks for level 'ServerLevel[New World]'/minecraft:the_nether
[22:45:28] [Server thread/INFO] (Minecraft) Saving chunks for level 'ServerLevel[New World]'/minecraft:the_end
[22:47:06] [Render thread/INFO] (Minecraft) Resizing Dynamic Transforms UBO, capacity limit of 8 reached during a single frame. New capacity will be 16.
[22:47:19] [Server thread/INFO] (Minecraft) Saving and pausing game...
[22:47:19] [Server thread/INFO] (Minecraft) Saving chunks for level 'ServerLevel[New World]'/minecraft:overworld
[22:47:19] [Server thread/INFO] (Minecraft) Saving chunks for level 'ServerLevel[New World]'/minecraft:the_nether
[22:47:19] [Server thread/INFO] (Minecraft) Saving chunks for level 'ServerLevel[New World]'/minecraft:the_end
[22:47:20] [Server thread/INFO] (Minecraft) Saving and pausing game...
[22:47:20] [Server thread/INFO] (Minecraft) Saving chunks for level 'ServerLevel[New World]'/minecraft:overworld
[22:47:21] [Server thread/INFO] (Minecraft) Saving chunks for level 'ServerLevel[New World]'/minecraft:the_nether
[22:47:21] [Server thread/INFO] (Minecraft) Saving chunks for level 'ServerLevel[New World]'/minecraft:the_end
[22:47:21] [Server thread/INFO] (Minecraft) Stopping server
[22:47:21] [Server thread/INFO] (Minecraft) Saving players
[22:47:21] [Server thread/INFO] (Minecraft) Player337 lost connection: Disconnected
[22:47:21] [Server thread/INFO] (Minecraft) Player337 left the game
[22:47:21] [Server thread/INFO] (Minecraft) Stopping singleplayer server as player logged out
[22:47:21] [Server thread/INFO] (Minecraft) Saving worlds
[22:47:21] [Server thread/INFO] (Minecraft) Saving chunks for level 'ServerLevel[New World]'/minecraft:overworld
[22:47:23] [Server thread/INFO] (Minecraft) Saving chunks for level 'ServerLevel[New World]'/minecraft:the_nether
[22:47:23] [Server thread/INFO] (Minecraft) Saving chunks for level 'ServerLevel[New World]'/minecraft:the_end
[22:47:23] [Server thread/INFO] (Minecraft) ThreadedAnvilChunkStorage (world): All chunks are saved
[22:47:23] [Server thread/INFO] (Minecraft) ThreadedAnvilChunkStorage (DIM-1): All chunks are saved
[22:47:23] [Server thread/INFO] (Minecraft) ThreadedAnvilChunkStorage (DIM1): All chunks are saved
[22:47:23] [Server thread/INFO] (Minecraft) ThreadedAnvilChunkStorage: All dimensions are saved
[22:47:24] [Render thread/INFO] (Minecraft) Stopping!
